CMD: /root/miniconda3/bin/python state_aware_temporal_joint/sample_50k.py --disable_adapter --dt_only_infer --dt_mode refresh --joint_dt_ckpt state_aware_temporal_joint/experiments/w8a8_cifar10_ddim100_dt_simple_v1/checkpoints/ckpt_best.pt --cali_ckpt cifar_w8a8_ckpt.pth --weight_bit 8 --act_bit 8 --sm_abit 8 --timesteps 100 --skip_type quad --dt_eta 0.5 --dt_carry_max 20 --t_cutoff 300 --dt_refresh_n 8 --max_images 50000 --batch_size 128 --seed 1234 --output_dir state_aware_temporal_joint/experiments/w8a8_cifar10_ddim100_dt_simple_v1/images_50k --disable_corrector

  [load 1/4] building float UNet ...
  [load 2/4] loading EMA weights: /root/.cache/diffusion_models_converted/ema_diffusion_cifar10_model/model-790000.ckpt
  [load 2/4] float teacher ready (0.7s)
  [load 3/4] wrapping QuantModel ...
  [load 4/4] cali data: cifar_sd1236_sample2048_allst.pt
           cali file loaded (2.7s)
           PTQ resume: cifar_w8a8_ckpt.pth (re-init weight/act quant, ~1-3 min) ...
Loading quantized model checkpoint
Initializing weight quantization parameters
Initializing act quantization parameters
Loading quantized model checkpoint again
  [load 4/4] quant model ready (9.2s total)
Joint δt enabled from state_aware_temporal_joint/experiments/w8a8_cifar10_ddim100_dt_simple_v1/checkpoints/ckpt_best.pt (mode=refresh, dt_only_infer=True, dt_eta=0.5, carry_max=20.0, t_cutoff=300, sync_alpha=False, dt_refresh_n=8, eps_corrector=off)
Generating 50000 images; start=0, batch=128, steps=96
batch 1/391: images=128/50000 rate=6.47/s eta=128.5min
batch 2/391: images=256/50000 rate=6.47/s eta=128.1min
batch 3/391: images=384/50000 rate=6.47/s eta=127.8min
batch 4/391: images=512/50000 rate=6.47/s eta=127.5min
batch 5/391: images=640/50000 rate=6.47/s eta=127.2min
batch 6/391: images=768/50000 rate=6.47/s eta=126.9min
batch 7/391: images=896/50000 rate=6.46/s eta=126.6min
batch 8/391: images=1024/50000 rate=6.46/s eta=126.3min
batch 9/391: images=1152/50000 rate=6.46/s eta=126.0min
batch 10/391: images=1280/50000 rate=6.46/s eta=125.6min
batch 11/391: images=1408/50000 rate=6.46/s eta=125.3min
batch 12/391: images=1536/50000 rate=6.46/s eta=125.0min
batch 13/391: images=1664/50000 rate=6.46/s eta=124.7min
batch 14/391: images=1792/50000 rate=6.46/s eta=124.3min
batch 15/391: images=1920/50000 rate=6.46/s eta=124.0min
batch 16/391: images=2048/50000 rate=6.46/s eta=123.7min
batch 17/391: images=2176/50000 rate=6.46/s eta=123.3min
batch 18/391: images=2304/50000 rate=6.46/s eta=123.0min
