CMD: /root/miniconda3/bin/python state_aware_temporal_joint/train_dt_eps_oracle.py --data state_aware_temporal_joint/experiments/w8a8_cifar10_ddim100_dt_simple_v1/traj_w8a8_ddim100_n1000.pt --dt_star state_aware_temporal_joint/experiments/w8a8_cifar10_ddim100_dt_simple_v1/dt_labels_update_mse.pt --init_eps_ckpt  --output_dir state_aware_temporal_joint/experiments/w8a8_cifar10_ddim100_dt_simple_v1/checkpoints --epochs 20 --batch_size 256 --dt_only --loss smooth_l1

Seed set to 1234
Loading train from state_aware_temporal_joint/experiments/w8a8_cifar10_ddim100_dt_simple_v1/traj_w8a8_ddim100_n1000.pt + state_aware_temporal_joint/experiments/w8a8_cifar10_ddim100_dt_simple_v1/dt_labels_update_mse.pt
  Using first 80000/96000 traj samples (partial labels)
  train n=63942 in 0.0s
Loading val from state_aware_temporal_joint/experiments/w8a8_cifar10_ddim100_dt_simple_v1/traj_w8a8_ddim100_n1000.pt + state_aware_temporal_joint/experiments/w8a8_cifar10_ddim100_dt_simple_v1/dt_labels_update_mse.pt
  Using first 80000/96000 traj samples (partial labels)
  val n=16058 in 0.0s
Mode: dt_only
train=63942 val=16058 params=80,929 dt_max=20.0 t_cutoff=0 loss=smooth_l1
/root/autodl-tmp/ODE-scale/state_aware_temporal_joint/train_dt_eps_oracle.py:252: UserWarning: Converting a tensor with requires_grad=True to a scalar may lead to unexpected behavior.
Consider using tensor.detach() first. (Triggered internally at /__w/pytorch/pytorch/torch/csrc/autograd/generated/python_variable_methods.cpp:822.)
  f"parts=({float(loss_dt):.4f},{float(loss_eps):.4f},{float(loss_state):.4f}) "
epoch 1 step 50 loss=2.608095 dt_mae=2.7415 parts=(2.2569,1.0152,1.0152) lr=1.00e-03 time=2.8s
epoch 1 step 100 loss=2.469992 dt_mae=2.5514 parts=(2.3068,1.0167,1.0167) lr=1.00e-03 time=4.6s
epoch 1 step 150 loss=2.392883 dt_mae=2.4675 parts=(1.9827,1.0059,1.0059) lr=1.00e-03 time=6.2s
epoch 1 step 200 loss=2.336852 dt_mae=2.4200 parts=(2.3106,1.0198,1.0198) lr=1.00e-03 time=7.9s
VAL epoch=1 loss=2.287792 dt_mae=2.4646
epoch 2 step 250 loss=2.179927 dt_mae=2.3588 parts=(1.9742,1.0285,1.0285) lr=9.94e-04 time=10.7s
epoch 2 step 300 loss=2.203341 dt_mae=2.3423 parts=(1.6705,1.0135,1.0135) lr=9.94e-04 time=12.4s
epoch 2 step 350 loss=2.103839 dt_mae=2.2232 parts=(1.6186,1.0350,1.0350) lr=9.94e-04 time=14.0s
epoch 2 step 400 loss=2.020487 dt_mae=2.1254 parts=(1.4890,1.0250,1.0250) lr=9.94e-04 time=15.9s
epoch 2 step 450 loss=2.006981 dt_mae=2.0954 parts=(1.4649,1.0156,1.0156) lr=9.94e-04 time=17.5s
VAL epoch=2 loss=1.938498 dt_mae=2.0573
epoch 3 step 500 loss=1.788092 dt_mae=1.9003 parts=(1.7423,1.0205,1.0205) lr=9.77e-04 time=20.4s
epoch 3 step 550 loss=1.880805 dt_mae=1.9510 parts=(1.5952,1.0093,1.0093) lr=9.77e-04 time=22.1s
epoch 3 step 600 loss=1.916098 dt_mae=1.9865 parts=(1.8709,1.0185,1.0185) lr=9.77e-04 time=23.7s
epoch 3 step 650 loss=1.853982 dt_mae=1.9299 parts=(1.5916,1.0170,1.0170) lr=9.77e-04 time=25.5s
epoch 3 step 700 loss=1.886161 dt_mae=1.9573 parts=(1.8639,1.0010,1.0010) lr=9.77e-04 time=27.2s
VAL epoch=3 loss=1.972572 dt_mae=2.0601
epoch 4 step 750 loss=1.699752 dt_mae=1.7714 parts=(1.6322,1.0060,1.0060) lr=9.48e-04 time=30.0s
epoch 4 step 800 loss=1.816283 dt_mae=1.8836 parts=(1.6289,1.0150,1.0150) lr=9.48e-04 time=31.6s
epoch 4 step 850 loss=1.801648 dt_mae=1.8659 parts=(1.4718,1.0051,1.0051) lr=9.48e-04 time=33.3s
epoch 4 step 900 loss=1.756885 dt_mae=1.8059 parts=(1.5742,1.0037,1.0037) lr=9.48e-04 time=35.2s
epoch 4 step 950 loss=1.801540 dt_mae=1.8565 parts=(1.3689,1.0085,1.0085) lr=9.48e-04 time=36.8s
VAL epoch=4 loss=1.938005 dt_mae=2.0093
epoch 5 step 1000 loss=1.638153 dt_mae=1.7291 parts=(1.2723,1.0118,1.0118) lr=9.09e-04 time=39.5s
epoch 5 step 1050 loss=1.713287 dt_mae=1.7751 parts=(1.4504,1.0150,1.0150) lr=9.09e-04 time=41.2s
epoch 5 step 1100 loss=1.701738 dt_mae=1.7710 parts=(1.4208,1.0040,1.0040) lr=9.09e-04 time=42.8s
epoch 5 step 1150 loss=1.762547 dt_mae=1.8300 parts=(1.2738,1.0009,1.0009) lr=9.09e-04 time=44.4s
epoch 5 step 1200 loss=1.723277 dt_mae=1.7769 parts=(1.4679,1.0062,1.0062) lr=9.09e-04 time=46.2s
VAL epoch=5 loss=1.951830 dt_mae=2.0540
epoch 6 step 1250 loss=1.772941 dt_mae=1.8428 parts=(1.5957,1.0106,1.0106) lr=8.61e-04 time=48.9s
epoch 6 step 1300 loss=1.710795 dt_mae=1.7823 parts=(1.7300,1.0225,1.0225) lr=8.61e-04 time=50.6s
epoch 6 step 1350 loss=1.699475 dt_mae=1.7665 parts=(1.7263,1.0000,1.0000) lr=8.61e-04 time=52.2s
epoch 6 step 1400 loss=1.672285 dt_mae=1.7298 parts=(1.1731,1.0034,1.0034) lr=8.61e-04 time=54.1s
epoch 6 step 1450 loss=1.681509 dt_mae=1.7399 parts=(1.7175,1.0061,1.0061) lr=8.61e-04 time=55.7s
VAL epoch=6 loss=1.949561 dt_mae=2.0045
epoch 7 step 1500 loss=1.576955 dt_mae=1.6263 parts=(1.4117,1.0016,1.0016) lr=8.04e-04 time=58.4s
epoch 7 step 1550 loss=1.665241 dt_mae=1.7236 parts=(1.1079,1.0029,1.0029) lr=8.04e-04 time=60.1s
epoch 7 step 1600 loss=1.630814 dt_mae=1.6804 parts=(1.5043,1.0074,1.0074) lr=8.04e-04 time=61.7s
epoch 7 step 1650 loss=1.643068 dt_mae=1.7009 parts=(1.6175,1.0048,1.0048) lr=8.04e-04 time=63.4s
epoch 7 step 1700 loss=1.666588 dt_mae=1.7323 parts=(1.2745,1.0022,1.0022) lr=8.04e-04 time=65.2s
VAL epoch=7 loss=1.915581 dt_mae=1.9774
epoch 8 step 1750 loss=1.578232 dt_mae=1.6376 parts=(1.3067,1.0056,1.0056) lr=7.41e-04 time=68.0s
epoch 8 step 1800 loss=1.534914 dt_mae=1.5833 parts=(1.1700,1.0116,1.0116) lr=7.41e-04 time=69.6s
epoch 8 step 1850 loss=1.620717 dt_mae=1.6719 parts=(1.2603,1.0088,1.0088) lr=7.41e-04 time=71.2s
epoch 8 step 1900 loss=1.659211 dt_mae=1.7152 parts=(1.2406,1.0021,1.0021) lr=7.41e-04 time=73.0s
epoch 8 step 1950 loss=1.599455 dt_mae=1.6459 parts=(1.6334,0.9988,0.9988) lr=7.41e-04 time=74.7s
VAL epoch=8 loss=1.967089 dt_mae=2.0989
epoch 9 step 2000 loss=1.661262 dt_mae=1.7448 parts=(1.5638,1.0206,1.0206) lr=6.72e-04 time=77.5s
epoch 9 step 2050 loss=1.583675 dt_mae=1.6311 parts=(1.3381,0.9995,0.9995) lr=6.72e-04 time=79.1s
epoch 9 step 2100 loss=1.538566 dt_mae=1.5780 parts=(1.0786,1.0068,1.0068) lr=6.72e-04 time=80.7s
epoch 9 step 2150 loss=1.568297 dt_mae=1.6140 parts=(1.4430,1.0081,1.0081) lr=6.72e-04 time=82.4s
epoch 9 step 2200 loss=1.584952 dt_mae=1.6347 parts=(1.6319,0.9988,0.9988) lr=6.72e-04 time=84.2s
VAL epoch=9 loss=1.944645 dt_mae=2.0017
epoch 10 step 2250 loss=1.533975 dt_mae=1.5867 parts=(1.4237,1.0047,1.0047) lr=5.99e-04 time=87.0s
epoch 10 step 2300 loss=1.550733 dt_mae=1.5999 parts=(1.3835,1.0002,1.0002) lr=5.99e-04 time=88.6s
epoch 10 step 2350 loss=1.597930 dt_mae=1.6487 parts=(1.3243,1.0084,1.0084) lr=5.99e-04 time=90.2s
epoch 10 step 2400 loss=1.529799 dt_mae=1.5755 parts=(1.6122,0.9993,0.9993) lr=5.99e-04 time=92.0s
epoch 10 step 2450 loss=1.584185 dt_mae=1.6387 parts=(1.3030,1.0077,1.0077) lr=5.99e-04 time=93.6s
VAL epoch=10 loss=1.931268 dt_mae=1.9765
epoch 11 step 2500 loss=1.586813 dt_mae=1.6308 parts=(1.3457,1.0042,1.0042) lr=5.25e-04 time=96.3s
epoch 11 step 2550 loss=1.506536 dt_mae=1.5465 parts=(1.1271,0.9977,0.9977) lr=5.25e-04 time=98.0s
epoch 11 step 2600 loss=1.516920 dt_mae=1.5605 parts=(1.5635,1.0063,1.0063) lr=5.25e-04 time=99.6s
epoch 11 step 2650 loss=1.549712 dt_mae=1.6005 parts=(1.1059,1.0069,1.0069) lr=5.25e-04 time=101.4s
epoch 11 step 2700 loss=1.553417 dt_mae=1.6032 parts=(1.3826,1.0083,1.0083) lr=5.25e-04 time=103.1s
VAL epoch=11 loss=1.978488 dt_mae=2.0521
epoch 12 step 2750 loss=1.507360 dt_mae=1.5737 parts=(1.5481,1.0033,1.0033) lr=4.51e-04 time=105.8s
epoch 12 step 2800 loss=1.502119 dt_mae=1.5456 parts=(1.4718,1.0006,1.0006) lr=4.51e-04 time=107.4s
epoch 12 step 2850 loss=1.500739 dt_mae=1.5440 parts=(1.0935,1.0048,1.0048) lr=4.51e-04 time=109.0s
epoch 12 step 2900 loss=1.477970 dt_mae=1.5116 parts=(1.2037,0.9988,0.9988) lr=4.51e-04 time=110.8s
epoch 12 step 2950 loss=1.513545 dt_mae=1.5505 parts=(1.3922,0.9982,0.9982) lr=4.51e-04 time=112.5s
VAL epoch=12 loss=1.941406 dt_mae=1.9960
epoch 13 step 3000 loss=1.476389 dt_mae=1.5270 parts=(0.9396,1.0040,1.0040) lr=3.78e-04 time=115.2s
epoch 13 step 3050 loss=1.455223 dt_mae=1.4883 parts=(1.5149,1.0007,1.0007) lr=3.78e-04 time=116.9s
epoch 13 step 3100 loss=1.487556 dt_mae=1.5265 parts=(1.3884,1.0009,1.0009) lr=3.78e-04 time=118.5s
epoch 13 step 3150 loss=1.475461 dt_mae=1.5237 parts=(1.2102,0.9995,0.9995) lr=3.78e-04 time=120.4s
epoch 13 step 3200 loss=1.492336 dt_mae=1.5229 parts=(1.4685,0.9986,0.9986) lr=3.78e-04 time=122.0s
VAL epoch=13 loss=1.950301 dt_mae=1.9925
epoch 14 step 3250 loss=1.414018 dt_mae=1.4507 parts=(1.3143,1.0029,1.0029) lr=3.09e-04 time=124.8s
epoch 14 step 3300 loss=1.395729 dt_mae=1.4301 parts=(1.1308,1.0003,1.0003) lr=3.09e-04 time=126.4s
epoch 14 step 3350 loss=1.483019 dt_mae=1.5162 parts=(1.2456,0.9998,0.9998) lr=3.09e-04 time=128.1s
epoch 14 step 3400 loss=1.406935 dt_mae=1.4401 parts=(1.2874,0.9990,0.9990) lr=3.09e-04 time=129.9s
epoch 14 step 3450 loss=1.513383 dt_mae=1.5523 parts=(1.1295,0.9970,0.9970) lr=3.09e-04 time=131.5s
VAL epoch=14 loss=1.938845 dt_mae=1.9989
epoch 15 step 3500 loss=1.406783 dt_mae=1.4453 parts=(1.4109,0.9990,0.9990) lr=2.46e-04 time=134.3s
epoch 15 step 3550 loss=1.450102 dt_mae=1.4832 parts=(0.9221,1.0012,1.0012) lr=2.46e-04 time=135.9s
epoch 15 step 3600 loss=1.389522 dt_mae=1.4195 parts=(1.0419,1.0016,1.0016) lr=2.46e-04 time=137.6s
epoch 15 step 3650 loss=1.427688 dt_mae=1.4696 parts=(1.1064,1.0004,1.0004) lr=2.46e-04 time=139.4s
epoch 15 step 3700 loss=1.455756 dt_mae=1.4842 parts=(1.4313,0.9989,0.9989) lr=2.46e-04 time=141.1s
VAL epoch=15 loss=1.973844 dt_mae=2.0200
epoch 16 step 3750 loss=1.357489 dt_mae=1.3858 parts=(1.0849,0.9993,0.9993) lr=1.89e-04 time=143.9s
epoch 16 step 3800 loss=1.395917 dt_mae=1.4219 parts=(1.5399,0.9982,0.9982) lr=1.89e-04 time=145.5s
epoch 16 step 3850 loss=1.412370 dt_mae=1.4392 parts=(1.2220,0.9982,0.9982) lr=1.89e-04 time=147.1s
epoch 16 step 3900 loss=1.389251 dt_mae=1.4156 parts=(1.1083,1.0051,1.0051) lr=1.89e-04 time=148.9s
epoch 16 step 3950 loss=1.437407 dt_mae=1.4708 parts=(1.4392,0.9966,0.9966) lr=1.89e-04 time=150.5s
VAL epoch=16 loss=1.952499 dt_mae=1.9965
epoch 17 step 4000 loss=1.399202 dt_mae=1.4267 parts=(1.1100,0.9986,0.9986) lr=1.41e-04 time=153.2s
epoch 17 step 4050 loss=1.370209 dt_mae=1.3964 parts=(1.1515,0.9955,0.9955) lr=1.41e-04 time=154.8s
epoch 17 step 4100 loss=1.394806 dt_mae=1.4203 parts=(1.1337,0.9960,0.9960) lr=1.41e-04 time=156.4s
epoch 17 step 4150 loss=1.416255 dt_mae=1.4408 parts=(1.4037,0.9998,0.9998) lr=1.41e-04 time=158.2s
epoch 17 step 4200 loss=1.349100 dt_mae=1.3748 parts=(1.4096,0.9969,0.9969) lr=1.41e-04 time=159.7s
VAL epoch=17 loss=1.971327 dt_mae=2.0214
epoch 18 step 4250 loss=1.395111 dt_mae=1.4239 parts=(1.3516,0.9994,0.9994) lr=1.02e-04 time=162.3s
epoch 18 step 4300 loss=1.351199 dt_mae=1.3707 parts=(1.3066,0.9998,0.9998) lr=1.02e-04 time=163.9s
epoch 18 step 4350 loss=1.364956 dt_mae=1.3898 parts=(1.2997,0.9974,0.9974) lr=1.02e-04 time=165.4s
epoch 18 step 4400 loss=1.377375 dt_mae=1.4003 parts=(1.0904,0.9972,0.9972) lr=1.02e-04 time=167.1s
epoch 18 step 4450 loss=1.356421 dt_mae=1.3778 parts=(1.2096,0.9996,0.9996) lr=1.02e-04 time=168.7s
VAL epoch=18 loss=1.969536 dt_mae=2.0092
epoch 19 step 4500 loss=1.327168 dt_mae=1.3501 parts=(1.5056,0.9972,0.9972) lr=7.32e-05 time=171.4s
epoch 19 step 4550 loss=1.330232 dt_mae=1.3495 parts=(1.3029,0.9960,0.9960) lr=7.32e-05 time=172.9s
epoch 19 step 4600 loss=1.361764 dt_mae=1.3832 parts=(1.3386,0.9985,0.9985) lr=7.32e-05 time=174.5s
epoch 19 step 4650 loss=1.334255 dt_mae=1.3554 parts=(0.9837,0.9991,0.9991) lr=7.32e-05 time=176.2s
epoch 19 step 4700 loss=1.379994 dt_mae=1.4013 parts=(1.1431,0.9965,0.9965) lr=7.32e-05 time=177.8s
VAL epoch=19 loss=1.981251 dt_mae=2.0209
epoch 20 step 4750 loss=1.362279 dt_mae=1.3829 parts=(1.3018,0.9971,0.9971) lr=5.58e-05 time=180.5s
epoch 20 step 4800 loss=1.364446 dt_mae=1.3818 parts=(1.0482,0.9991,0.9991) lr=5.58e-05 time=182.0s
epoch 20 step 4850 loss=1.330747 dt_mae=1.3483 parts=(1.1133,0.9984,0.9984) lr=5.58e-05 time=183.6s
epoch 20 step 4900 loss=1.354610 dt_mae=1.3735 parts=(1.1447,0.9977,0.9977) lr=5.58e-05 time=185.3s
epoch 20 step 4950 loss=1.353082 dt_mae=1.3745 parts=(1.2849,0.9979,0.9979) lr=5.58e-05 time=186.8s
VAL epoch=20 loss=1.986659 dt_mae=2.0252
Done. best val dt_mae=1.9765; output=state_aware_temporal_joint/experiments/w8a8_cifar10_ddim100_dt_simple_v1/checkpoints
